Time slot   0
ld_routine
	Loaded a process at input/proc/p0s, PID: 1 PRIO: 0
Time slot   1
	CPU 1: Dispatched process  1
	Loaded a process at input/proc/p1s, PID: 2 PRIO: 15
Time slot   2
	CPU 0: Dispatched process  2
liballoc:193
print_pgtbl:
 PDG=0000020C9B73F020 P4g=0000020C9B740030 PUD=0000020C9B741040 PMD=0000020C9B742050
Time slot   3
liballoc:193
print_pgtbl:
 PDG=0000020C9B73F020 P4g=0000020C9B740030 PUD=0000020C9B741040 PMD=0000020C9B742050
	Loaded a process at input/proc/p1s, PID: 3 PRIO: 0
Time slot   4
libfree:217
print_pgtbl:
 PDG=0000020C9B73F020 P4g=0000020C9B740030 PUD=0000020C9B741040 PMD=0000020C9B742050
Time slot   5
liballoc:193
print_pgtbl:
 PDG=0000020C9B73F020 P4g=0000020C9B740030 PUD=0000020C9B741040 PMD=0000020C9B742050
Time slot   6
	Loaded a process at input/proc/p0s, PID: 4 PRIO: 0
libwrite:489
print_pgtbl:
 PDG=0000020C9B73F020 P4g=0000020C9B740030 PUD=0000020C9B741040 PMD=0000020C9B742050
Time slot   7
	CPU 1: Put process  1 to run queue
	CPU 1: Dispatched process  3
Time slot   8
	CPU 0: Put process  2 to run queue
	CPU 0: Dispatched process  4
Time slot   9
liballoc:193
print_pgtbl:
 PDG=0000020C99F6E070 P4g=0000020C99F750E0 PUD=0000020C99F740D0 PMD=0000020C99F720B0
Time slot  10
liballoc:193
print_pgtbl:
 PDG=0000020C99F6E070 P4g=0000020C99F750E0 PUD=0000020C99F740D0 PMD=0000020C99F720B0
Time slot  11
libfree:217
print_pgtbl:
 PDG=0000020C99F6E070 P4g=0000020C99F750E0 PUD=0000020C99F740D0 PMD=0000020C99F720B0
Time slot  12
liballoc:193
print_pgtbl:
 PDG=0000020C99F6E070 P4g=0000020C99F750E0 PUD=0000020C99F740D0 PMD=0000020C99F720B0
Time slot  13
	CPU 1: Put process  3 to run queue
	CPU 1: Dispatched process  1
libread:434
print_pgtbl:
 PDG=0000020C9B73F020 P4g=0000020C9B740030 PUD=0000020C9B741040 PMD=0000020C9B742050
libwrite:489
print_pgtbl:
 PDG=0000020C99F6E070 P4g=0000020C99F750E0 PUD=0000020C99F740D0 PMD=0000020C99F720B0
libwrite:489
print_pgtbl:
 PDG=0000020C9B73F020 P4g=0000020C9B740030 PUD=0000020C9B741040 PMD=0000020C9B742050
Time slot  14
	CPU 0: Put process  4 to run queue
	CPU 0: Dispatched process  3
Time slot  15
print_pgtbl:
 PDG=0000020C9B73F020 P4g=0000020C9B740030 PUD=0000020C9B741040 PMD=0000020C9B742050
Time slot  16
libwrite:489
print_pgtbl:
 PDG=0000020C9B73F020 P4g=0000020C9B740030 PUD=0000020C9B741040 PMD=0000020C9B742050
Time slot  17
print_pgtbl:
 PDG=0000020C9B73F020 P4g=0000020C9B740030 PUD=0000020C9B741040 PMD=0000020C9B742050
Time slot  18
	CPU 0: Processed  3 has finished
	CPU 0: Dispatched process  4
libread:434
print_pgtbl:
 PDG=0000020C99F6E070 P4g=0000020C99F750E0 PUD=0000020C99F740D0 PMD=0000020C99F720B0
Time slot  19
	CPU 1: Put process  1 to run queue
	CPU 1: Dispatched process  1
libfree:217
print_pgtbl:
 PDG=0000020C9B73F020 P4g=0000020C9B740030 PUD=0000020C9B741040 PMD=0000020C9B742050
libwrite:489
print_pgtbl:
 PDG=0000020C99F6E070 P4g=0000020C99F750E0 PUD=0000020C99F740D0 PMD=0000020C99F720B0
Time slot  20
print_pgtbl:
 PDG=0000020C99F6E070 P4g=0000020C99F750E0 PUD=0000020C99F740D0 PMD=0000020C99F720B0
Time slot  21
libwrite:489
	CPU 1: Processed  1 has finished
print_pgtbl:
 PDG=0000020C99F6E070 P4g=0000020C99F750E0 PUD=0000020C99F740D0 PMD=0000020C99F720B0
	CPU 1: Dispatched process  2
Time slot  22
print_pgtbl:
 PDG=0000020C99F6E070 P4g=0000020C99F750E0 PUD=0000020C99F740D0 PMD=0000020C99F720B0
Time slot  23
Time slot  24
	CPU 0: Put process  4 to run queue
	CPU 0: Dispatched process  4
libfree:217
print_pgtbl:
 PDG=0000020C99F6E070 P4g=0000020C99F750E0 PUD=0000020C99F740D0 PMD=0000020C99F720B0
Time slot  25
	CPU 1: Processed  2 has finished
	CPU 1 stopped
Time slot  26
	CPU 0: Processed  4 has finished
	CPU 0 stopped
